C:\Users\Ahmed\Desktop\saas_starter_template\API\Extensions\ServiceExtensions.cs(35,18): error CS1061: 'IServiceCollection' does not contain a definition for 'AddAuthInfrastructure' and no accessible extension method 'AddAuthInfrastructure' accepting a first argument of type 'IServiceCollection' could be found (are you missing a using directive or an assembly reference?) [C:\Users\Ahmed\Desktop\saas_starter_template\API\API.csproj]
C:\Users\Ahmed\Desktop\saas_starter_template\API\Extensions\ServiceExtensions.cs(117,14): error CS1061: 'IHealthChecksBuilder' does not contain a definition for 'AddDbContextCheck' and no accessible extension method 'AddDbContextCheck' accepting a first argument of type 'IHealthChecksBuilder' could be found (are you missing a using directive or an assembly reference?) [C:\Users\Ahmed\Desktop\saas_starter_template\API\API.csproj]

Build FAILED.
    0 Warning(s)
    2 Error(s)

Time Elapsed 00:00:06.92
