Checking Health...
Ô£à Test 2.1 - Pass
Ô£à Test 3.9 - Pass
Setting IsEmailVerified = 1 in database via sqlcmd...
Extracted code: 
Ô£à Test 4.4 - Pass
Ô£à Test 4.7 - Pass
Ô£à Test 4.13 - Pass
Ô£à Test 6.1 - Pass


TOTAL TESTS: 45
PASSED: 6
FAILED: 46

FAILED TESTS:
- Test 1.1: Expected 401, Got 429 - Body: {"statusCode":429,"message":"Too many requests. Please try again later."}
- Test 1.2: Expected 200, Got 429 - Body: {"statusCode":429,"message":"Too many requests. Please try again later."}
- Test 1.3: Expected 200, Got 401 - Body: ""
- Test 1.4: Expected 200, Got 401 - Body: ""
- Test 1.5: Expected 200, Got 429 - Body: {"statusCode":429,"message":"Too many requests. Please try again later."}
- Test 1.7: Expected 200, Got 429 - Body: {"statusCode":429,"message":"Too many requests. Please try again later."}
- Test 2.2: Expected 422, Got 401 - Body: ""
- Test 2.3: Expected 201, Got 401 - Body: ""
- Test 2.4: Expected 409, Got 401 - Body: ""
- Test 2.5: Expected 201, Got 401 - Body: ""
- Test 2.6: Expected 200, Got 401 - Body: ""
- Test 2.7: Expected 200, Got 404 - Body: {"statusCode":404,"message":"Tenant with slug 'acme' not found.","errors":null}
- Test 2.8: Expected 200, Got 401 - Body: ""
- Test 2.9: Expected 204, Got 404 - Body: ""
- Test 2.10: Expected 204, Got 404 - Body: ""
- Test 2.11: Expected 204, Got 404 - Body: ""
- Test 2.12: Expected 409, Got 404 - Body: ""
- Test 2.13: Expected 204, Got 404 - Body: ""
- Test 2.14: Expected 409, Got 404 - Body: ""
- Test 3.1: Expected 404, Got 429 - Body: {"statusCode":429,"message":"Too many requests. Please try again later."}
- Test 3.2: Expected 400,422, Got 429 - Body: {"statusCode":429,"message":"Too many requests. Please try again later."}
- Test 3.3: Expected 403, Got 429 - Body: {"statusCode":429,"message":"Too many requests. Please try again later."}
- Test 3.4: Expected 200, Got 429 - Body: {"statusCode":429,"message":"Too many requests. Please try again later."}
- Test 3.5: Expected 200, Got 429 - Body: {"statusCode":429,"message":"Too many requests. Please try again later."}
- Test 3.6: Expected 403, Got 429 - Body: {"statusCode":429,"message":"Too many requests. Please try again later."}
- Test 3.7: Expected 400, Got 429 - Body: {"statusCode":429,"message":"Too many requests. Please try again later."}
- Test 3.8: Expected 200, Got 429 - Body: {"statusCode":429,"message":"Too many requests. Please try again later."}
- Test 3.10: Expected 200, Got 429 - Body: {"statusCode":429,"message":"Too many requests. Please try again later."}
- Test 3.11: Expected 401, Got 429 - Body: {"statusCode":429,"message":"Too many requests. Please try again later."}
- Test 3.12: Expected 200, Got 429 - Body: {"statusCode":429,"message":"Too many requests. Please try again later."}
- Test 3.13: Expected 403, Got 429 - Body: {"statusCode":429,"message":"Too many requests. Please try again later."}
- Test 4.1: Expected 200, Got 401 - Body: ""
- Test 4.2: Expected 403, Got 401 - Body: ""
- Test 4.3: Expected 403, Got 401 - Body: ""
- Test 4.5: Expected 422, Got 401 - Body: ""
- Test 4.6: Expected 204, Got 401 - Body: ""
- Test 4.8: Expected 200, Got 429 - Body: {"statusCode":429,"message":"Too many requests. Please try again later."}
- Test 4.9: Expected 200, Got 401 - Body: ""
- Test 4.10: Expected 400, Got 401 - Body: ""
- Test 4.11: Expected 200, Got 429 - Body: {"statusCode":429,"message":"Too many requests. Please try again later."}
- Test 4.12: Expected 400, Got 429 - Body: {"statusCode":429,"message":"Too many requests. Please try again later."}
- Test 4.14: Expected 204, Got 401 - Body: ""
- Test 4.15: Expected 401, Got 429 - Body: {"statusCode":429,"message":"Too many requests. Please try again later."}
- Test 5.1: Expected 429 rate limit, got 429,429,429,429,429,429,429,429,429,429,429.
- Test 7.1: Expected 204, Got 429 - Body: {"statusCode":429,"message":"Too many requests. Please try again later."}
- Test 7.2: Expected 401, Got 429 - Body: {"statusCode":429,"message":"Too many requests. Please try again later."}
